
---------------------

=== 1. Register host -> 201 ===

POST http://localhost:4000/api/v1/auth/register
=> 201 (1630 ms, 717 B)
✓ register host 201

---------------------

=== 2. Login host -> 200 ===

POST http://localhost:4000/api/v1/auth/login
=> 200 (416 ms, 970 B)
✓ login host 200

---------------------

=== 3. Register invitado -> 201 ===

POST http://localhost:4000/api/v1/auth/register
=> 201 (386 ms, 717 B)
✓ register guest 201

---------------------

=== 4. Login invitado -> 200 ===

POST http://localhost:4000/api/v1/auth/login
=> 200 (392 ms, 970 B)
✓ login guest 200

---------------------

=== 5. POST /salas -> 201 ===

POST http://localhost:4000/api/v1/salas
=> 201 (1538 ms, 760 B)
✓ crear sala 201

---------------------

=== 6. POST /salas sin nombre -> 400 ===

POST http://localhost:4000/api/v1/salas
=> 400 (5 ms, 622 B)
✓ crear sala 400

---------------------

=== 7. POST /salas sin token -> 401 ===

POST http://localhost:4000/api/v1/salas
=> 401 (3 ms, 637 B)
✓ crear sala 401

---------------------

=== 8. GET /salas/:code -> 200 ===

GET http://localhost:4000/api/v1/salas/WPTK9857
=> 200 (127 ms, 766 B)
✓ sala pública 200

---------------------

=== 8b. GET /salas/:code en minúsculas -> 200 ===

GET http://localhost:4000/api/v1/salas/wptk9857
=> 200 (58 ms, 766 B)
✓ código normalizado

---------------------

=== 8c. POST /salas nombre de 151 -> 400 ===

POST http://localhost:4000/api/v1/salas
=> 400 (4 ms, 617 B)
✓ nombre 151 es 400

---------------------

=== 9. GET /salas/:code inexistente -> 404 ===

GET http://localhost:4000/api/v1/salas/ZZZZ0000
=> 404 (57 ms, 586 B)
✓ sala pública 404

---------------------

=== 10. GET /salas/mis-participaciones -> 200 ===

GET http://localhost:4000/api/v1/salas/mis-participaciones
=> 200 (217 ms, 807 B)
✓ agenda 200

---------------------

=== 11. GET /salas/mis-participaciones sin token -> 401 ===

GET http://localhost:4000/api/v1/salas/mis-participaciones
=> 401 (2 ms, 637 B)
✓ agenda 401

---------------------

=== 12. GET /salas/:id/detalle -> 200 ===

GET http://localhost:4000/api/v1/salas/fef5a4ac-23c9-4d8e-bedf-8ab66ddefd6a/detalle
=> 200 (319 ms, 1.24 kB)
✓ detalle 200

---------------------

=== 13. GET /salas/:id/detalle sin token -> 401 ===

GET http://localhost:4000/api/v1/salas/fef5a4ac-23c9-4d8e-bedf-8ab66ddefd6a/detalle
=> 401 (2 ms, 637 B)
✓ detalle 401

---------------------

=== 14. GET /salas/:id/detalle inexistente -> 404 ===

GET http://localhost:4000/api/v1/salas/00000000-0000-4000-8000-000000000099/detalle
=> 404 (57 ms, 586 B)
✓ detalle 404

---------------------

=== 15. PUT /salas/:id host -> 200 ===

PUT http://localhost:4000/api/v1/salas/fef5a4ac-23c9-4d8e-bedf-8ab66ddefd6a
=> 200 (275 ms, 728 B)
✓ update 200

---------------------

=== 16. PUT /salas/:id invitado -> 403 ===

PUT http://localhost:4000/api/v1/salas/fef5a4ac-23c9-4d8e-bedf-8ab66ddefd6a
=> 403 (111 ms, 605 B)
✓ update 403

---------------------

=== 17. PUT /salas/:id sin token -> 401 ===

PUT http://localhost:4000/api/v1/salas/fef5a4ac-23c9-4d8e-bedf-8ab66ddefd6a
=> 401 (2 ms, 637 B)
✓ update 401

---------------------

=== 18. PUT /salas/:id inexistente -> 404 ===

PUT http://localhost:4000/api/v1/salas/00000000-0000-4000-8000-000000000099
=> 404 (58 ms, 586 B)
✓ update 404

---------------------

=== 19. GET participantes -> 200 ===

GET http://localhost:4000/api/v1/salas/fef5a4ac-23c9-4d8e-bedf-8ab66ddefd6a/participantes
=> 200 (216 ms, 869 B)
✓ participantes 200

---------------------

=== 20. GET participantes sin token -> 401 ===

GET http://localhost:4000/api/v1/salas/fef5a4ac-23c9-4d8e-bedf-8ab66ddefd6a/participantes
=> 401 (1 ms, 637 B)
✓ participantes 401

---------------------

=== 21. GET participantes inexistente -> 404 ===

GET http://localhost:4000/api/v1/salas/00000000-0000-4000-8000-000000000099/participantes
=> 404 (56 ms, 586 B)
✓ participantes 404

---------------------

=== 22. DELETE sin token -> 401 ===

DELETE http://localhost:4000/api/v1/salas/fef5a4ac-23c9-4d8e-bedf-8ab66ddefd6a
=> 401 (2 ms, 637 B)
✓ delete 401

---------------------

=== 23. DELETE invitado -> 403 ===

DELETE http://localhost:4000/api/v1/salas/fef5a4ac-23c9-4d8e-bedf-8ab66ddefd6a
=> 403 (112 ms, 603 B)
✓ delete 403

---------------------

=== 24. DELETE inexistente -> 404 ===

DELETE http://localhost:4000/api/v1/salas/00000000-0000-4000-8000-000000000099
=> 404 (57 ms, 586 B)
✓ delete 404

---------------------

=== 25. DELETE host -> 200 ===

DELETE http://localhost:4000/api/v1/salas/fef5a4ac-23c9-4d8e-bedf-8ab66ddefd6a
=> 200 (219 ms, 597 B)
✓ delete 200

27 requests processed (27 succeeded)
