
---------------------

=== 1. Health -> 200 ===

GET https://meetflow-server-tm9i.onrender.com/api/v1/health
=> 200 (332 ms, 806 B)
✓ health 200

---------------------

=== 2. Register -> 201 ===

POST https://meetflow-server-tm9i.onrender.com/api/v1/auth/register
=> 201 (4144 ms, 878 B)
✓ register 201

---------------------

=== 3. Register email repetido -> 409 ===

POST https://meetflow-server-tm9i.onrender.com/api/v1/auth/register
=> 409 (399 ms, 871 B)
✓ register duplicado 409

---------------------

=== 4. Login -> 200 ===

POST https://meetflow-server-tm9i.onrender.com/api/v1/auth/login
=> 200 (2175 ms, 1.13 kB)
✓ login 200

---------------------

=== 5. Login password incorrecta -> 401 ===

POST https://meetflow-server-tm9i.onrender.com/api/v1/auth/login
=> 401 (1750 ms, 869 B)
✓ login 401

---------------------

=== 6. Me -> 200 ===

GET https://meetflow-server-tm9i.onrender.com/api/v1/auth/me
=> 200 (957 ms, 908 B)
✓ me 200

---------------------

=== 7. Me sin token -> 401 ===

GET https://meetflow-server-tm9i.onrender.com/api/v1/auth/me
=> 401 (232 ms, 866 B)
✓ me sin token 401

---------------------

=== 8. Me token inválido -> 401 ===

GET https://meetflow-server-tm9i.onrender.com/api/v1/auth/me
=> 401 (218 ms, 866 B)
✓ me token inválido 401

---------------------

=== 9. Refresh -> 200 ===

POST https://meetflow-server-tm9i.onrender.com/api/v1/auth/refresh
=> 200 (1297 ms, 1.13 kB)
✓ refresh 200

---------------------

=== 10. Refresh con token viejo -> 401 ===

POST https://meetflow-server-tm9i.onrender.com/api/v1/auth/refresh
=> 401 (1096 ms, 879 B)
✓ refresh reuso 401

---------------------

=== 11. Login 2 -> 200 ===

POST https://meetflow-server-tm9i.onrender.com/api/v1/auth/login
=> 200 (1918 ms, 1.13 kB)
✓ login2 200

---------------------

=== 12. Logout -> 200 ===

POST https://meetflow-server-tm9i.onrender.com/api/v1/auth/logout
=> 200 (581 ms, 827 B)
✓ logout 200

---------------------

=== 13. Refresh tras logout -> 401 ===

POST https://meetflow-server-tm9i.onrender.com/api/v1/auth/refresh
=> 401 (934 ms, 879 B)
✓ refresh revocado 401

---------------------

=== 14. Ruta inexistente -> 404 ===

GET https://meetflow-server-tm9i.onrender.com/api/v1/no-existe
=> 404 (201 ms, 781 B)
✓ 404

14 requests processed (14 succeeded)
