
---------------------

=== 1. Health -> 200 ===

GET http://localhost:4000/api/v1/health
=> 200 (8 ms, 645 B)
✓ health 200

---------------------

=== 2. Register -> 201 ===

POST http://localhost:4000/api/v1/auth/register
=> 201 (384 ms, 717 B)
✓ register 201

---------------------

=== 3. Register email repetido -> 409 ===

POST http://localhost:4000/api/v1/auth/register
=> 409 (58 ms, 710 B)
✓ register duplicado 409

---------------------

=== 4. Login -> 200 ===

POST http://localhost:4000/api/v1/auth/login
=> 200 (319 ms, 969 B)
✓ login 200

---------------------

=== 5. Login password incorrecta -> 401 ===

POST http://localhost:4000/api/v1/auth/login
=> 401 (283 ms, 708 B)
✓ login 401

---------------------

=== 6. Me -> 200 ===

GET http://localhost:4000/api/v1/auth/me
=> 200 (111 ms, 747 B)
✓ me 200

---------------------

=== 7. Me sin token -> 401 ===

GET http://localhost:4000/api/v1/auth/me
=> 401 (4 ms, 705 B)
✓ me sin token 401

---------------------

=== 8. Me token inválido -> 401 ===

GET http://localhost:4000/api/v1/auth/me
=> 401 (3 ms, 705 B)
✓ me token inválido 401

---------------------

=== 9. Refresh -> 200 ===

POST http://localhost:4000/api/v1/auth/refresh
=> 200 (332 ms, 969 B)
✓ refresh 200

---------------------

=== 10. Refresh con token viejo -> 401 ===

POST http://localhost:4000/api/v1/auth/refresh
=> 401 (273 ms, 718 B)
✓ refresh reuso 401

---------------------

=== 11. Login 2 -> 200 ===

POST http://localhost:4000/api/v1/auth/login
=> 200 (351 ms, 969 B)
✓ login2 200

---------------------

=== 12. Logout -> 200 ===

POST http://localhost:4000/api/v1/auth/logout
=> 200 (112 ms, 666 B)
✓ logout 200

---------------------

=== 13. Refresh tras logout -> 401 ===

POST http://localhost:4000/api/v1/auth/refresh
=> 401 (215 ms, 718 B)
✓ refresh revocado 401

---------------------

=== 14. Ruta inexistente -> 404 ===

GET http://localhost:4000/api/v1/no-existe
=> 404 (2 ms, 620 B)
✓ 404

14 requests processed (14 succeeded)
